python : test_class_inferrer 
(__main__.TestNotebook14.test_class_inferrer)
At line:1 char:1
+ python tests/ontology/test_notebook_14.py -v > test_output.txt 2>&1
+ ~~~~~~~~~~~~~~~~~~~~~~~~~~~~~~~~~~~~~~~~~~~~~~~~~~~~~~~~~~~~~~~~~~~
    + CategoryInfo          : NotSpecified: (test_class_infe...class_inf 
   errer):String) [], RemoteException
    + FullyQualifiedErrorId : NativeCommandError
 

                                                                                                    
Test ClassInferrer usage. ... C:\Users\Mohd 
Kaif\AppData\Local\Programs\Python\Python311\Lib\unittest\case.py:678: 
DeprecationWarning: It is deprecated to return a value that is not None 
from a test case (<bound method TestNotebook14.test_class_inferrer of 
<__main__.TestNotebook14 testMethod=test_class_inferrer>>)
  return self.run(*args, **kwds)
ok
test_competency_questions 
(__main__.TestNotebook14.test_competency_questions)
Test CompetencyQuestionsManager. ... ERROR
test_full_pipeline (__main__.TestNotebook14.test_full_pipeline)
≡ƒºá Semantica is generating ≡ƒöä ≡ƒôÜ [ontology] ClassInferrer (0.0s)
                                                                                                    
≡ƒºá Semantica is generating ≡ƒöä ≡ƒôÜ [ontology] ClassInferrer (0.0s)
Test the 6-stage generation pipeline with sample data. ... FAIL
test_llm_ontology_generator 
(__main__.TestNotebook14.test_llm_ontology_generator)
Test LLMOntologyGenerator (mocked). ... ok
test_ontology_engine_initialization 
(__main__.TestNotebook14.test_ontology_engine_initialization)
Test initializing the OntologyEngine. ... ok
test_ontology_optimizer (__main__.TestNotebook14.test_ontology_optimizer)
Test OntologyOptimizer usage. ... ok
test_ontology_validator (__main__.TestNotebook14.test_ontology_validator)
≡ƒºá Semantica is generating ≡ƒöä ≡ƒôÜ [ontology] OntologyEngine (0.0s)
                                                                                                    
≡ƒºá Semantica is generating ≡ƒöä ≡ƒôÜ [ontology] ClassInferrer (0.0s)
Test OntologyValidator usage. ... FAIL
test_property_generator (__main__.TestNotebook14.test_property_generator)
Test PropertyGenerator usage. ... FAIL
test_visualization (__main__.TestNotebook14.test_visualization)
≡ƒºá Semantica is generating ≡ƒöä ≡ƒôÜ [ontology] OntologyEngine (0.0s)
                                                                                                    
≡ƒºá Semantica is generating ≡ƒöä ≡ƒôÜ [ontology] ClassInferrer (0.0s)
Test OntologyVisualizer usage (mocked). ... FAIL

======================================================================
ERROR: test_competency_questions 
(__main__.TestNotebook14.test_competency_questions)
Test CompetencyQuestionsManager.
----------------------------------------------------------------------
Traceback (most recent call last):
  File "C:\Users\Mohd 
Kaif\semantica\tests\ontology\test_notebook_14.py", line 232, in 
test_competency_questions
    questions = cq_manager.get_questions()
                ^^^^^^^^^^^^^^^^^^^^^^^^
AttributeError: 'CompetencyQuestionsManager' object has no attribute 
'get_questions'

======================================================================
FAIL: test_full_pipeline (__main__.TestNotebook14.test_full_pipeline)
Test the 6-stage generation pipeline with sample data.
----------------------------------------------------------------------
Traceback (most recent call last):
  File "C:\Users\Mohd 
Kaif\semantica\tests\ontology\test_notebook_14.py", line 70, in 
test_full_pipeline
    self.assertGreater(len(ontology['properties']), 0)
AssertionError: 0 not greater than 0

======================================================================
FAIL: test_ontology_validator 
(__main__.TestNotebook14.test_ontology_validator)
Test OntologyValidator usage.
----------------------------------------------------------------------
Traceback (most recent call last):
  File "C:\Users\Mohd 
Kaif\semantica\tests\ontology\test_notebook_14.py", line 151, in 
test_ontology_validator
    ontology = self.test_full_pipeline()
               ^^^^^^^^^^^^^^^^^^^^^^^^^
  File "C:\Users\Mohd 
Kaif\semantica\tests\ontology\test_notebook_14.py", line 70, in 
test_full_pipeline
    self.assertGreater(len(ontology['properties']), 0)
AssertionError: 0 not greater than 0

======================================================================
FAIL: test_property_generator 
(__main__.TestNotebook14.test_property_generator)
Test PropertyGenerator usage.
----------------------------------------------------------------------
Traceback (most recent call last):
  File "C:\Users\Mohd 
Kaif\semantica\tests\ontology\test_notebook_14.py", line 130, in 
test_property_generator
    self.assertTrue(any("supervises" in p['name'].lower() for p in 
properties))
AssertionError: False is not true

======================================================================
FAIL: test_visualization (__main__.TestNotebook14.test_visualization)
Test OntologyVisualizer usage (mocked).
----------------------------------------------------------------------
Traceback (most recent call last):
  File "C:\Users\Mohd 
Kaif\AppData\Local\Programs\Python\Python311\Lib\unittest\mock.py", line 
1378, in patched
    return func(*newargs, **newkeywargs)
           ^^^^^^^^^^^^^^^^^^^^^^^^^^^^^
  File "C:\Users\Mohd 
Kaif\semantica\tests\ontology\test_notebook_14.py", line 172, in 
test_visualization
    ontology = self.test_full_pipeline()
               ^^^^^^^^^^^^^^^^^^^^^^^^^
  File "C:\Users\Mohd 
Kaif\semantica\tests\ontology\test_notebook_14.py", line 70, in 
test_full_pipeline
    self.assertGreater(len(ontology['properties']), 0)
AssertionError: 0 not greater than 0

----------------------------------------------------------------------
Ran 9 tests in 2.239s

FAILED (failures=4, errors=1)
≡ƒºá Semantica is generating ≡ƒöä ≡ƒôÜ [ontology] OntologyEngine (0.0s)
